// Jest Snapshot v1, https://goo.gl/fbAQLP

exports[`Keypad should render correctly 1`] = `
<div
  className="keypad"
>
  <div
    className="buttons"
  >
    <button
      className="button"
      onClick={[Function]}
      type="button"
    >
      1
      <div />
    </button>
    <button
      className="button"
      onClick={[Function]}
      type="button"
    >
      2
      <div>
        abc
      </div>
    </button>
    <button
      className="button"
      onClick={[Function]}
      type="button"
    >
      3
      <div>
        def
      </div>
    </button>
  </div>
  <div
    className="buttons"
  >
    <button
      className="button"
      onClick={[Function]}
      type="button"
    >
      4
      <div>
        ghi
      </div>
    </button>
    <button
      className="button"
      onClick={[Function]}
      type="button"
    >
      5
      <div>
        jkl
      </div>
    </button>
    <button
      className="button"
      onClick={[Function]}
      type="button"
    >
      6
      <div>
        mno
      </div>
    </button>
  </div>
  <div
    className="buttons"
  >
    <button
      className="button"
      onClick={[Function]}
      type="button"
    >
      7
      <div>
        pqrs
      </div>
    </button>
    <button
      className="button"
      onClick={[Function]}
      type="button"
    >
      8
      <div>
        tuv
      </div>
    </button>
    <button
      className="button"
      onClick={[Function]}
      type="button"
    >
      9
      <div>
        wxyz
      </div>
    </button>
  </div>
  <div
    className="buttons"
  >
    <button
      className="button"
      onClick={[Function]}
      type="button"
    >
      Remove
      <div />
    </button>
  </div>
</div>
`;
